// Jest Snapshot v1, https://goo.gl/fbAQLP

exports[`Authorization Guard Should not authorize when array of tokens does not matches req header 1`] = `"Http Exception"`;

exports[`Authorization Guard Should not authorize when no req header is passed 1`] = `"Http Exception"`;

exports[`Authorization Guard Should not authorize when token does not matches req header 1`] = `"Http Exception"`;
